
> vite_react_shadcn_ts@1.0.1 build
> vite build

[36mvite v5.4.21 [32mbuilding for production...[36m[39m
transforming...
[32mΓ£ô[39m 4061 modules transformed.
rendering chunks...
node.exe : [1m[33m[plugin:vite:r
eporter][39m[22m [33m[plugin 
vite:reporter] 
At line:1 char:1
+ & "C:\Program 
Files\nodejs/node.exe" 
"C:\Program Files\nodejs/node_mo 
...
+ ~~~~~~~~~~~~~~~~~~~~~~~~~~~~~~~~
~~~~~~~~~~~~~~~~~~~~~~~~~~~~~~~~~~
~~~
    + CategoryInfo          : Not 
   Specified: ([1m[33m[plugi..  
  .vite:reporter] :String) [],    
 RemoteException
    + FullyQualifiedErrorId : Nat 
   iveCommandError
 
(!) C:/Users/WORKSTATION/StudioPro
jects/FastHazir1/fasthaazir/fronte
nd/src/api/payment.ts is 
dynamically imported by C:/Users/W
ORKSTATION/StudioProjects/FastHazi
r1/fasthaazir/frontend/src/compone
nts/payment/PayUpQR.tsx but also 
statically imported by C:/Users/WO
RKSTATION/StudioProjects/FastHazir
1/fasthaazir/frontend/src/componen
ts/payment/PayUpQR.tsx, C:/Users/W
ORKSTATION/StudioProjects/FastHazi
r1/fasthaazir/frontend/src/pages/C
art.tsx, dynamic import will not 
move module into another chunk.
[39m
computing gzip size...
[2mdist/[22m[32mmanifest.webmanifest                             [39m[1m[2m    0.46 kB[22m[1m[22m
[2mdist/[22m[32mindex.html                                       [39m[1m[2m    5.56 kB[22m[1m[22m[2m Γöé gzip:   1.86 kB[22m
[2mdist/[22m[32massets/fast-haazir-logo-optimized-CUSfqJgU.webp  [39m[1m[2m  949.07 kB[22m[1m[22m
[2mdist/[22m[32massets/fast-haazir-logo-CjhKYcTw.png             [39m[1m[2m2,111.71 kB[22m[1m[22m
[2mdist/[22m[35massets/leaflet-Dgihpmma.css                      [39m[1m[2m   15.04 kB[22m[1m[22m[2m Γöé gzip:   6.38 kB[22m
[2mdist/[22m[35massets/index-H34AQbfy.css                        [39m[1m[2m  136.49 kB[22m[1m[22m[2m Γöé gzip:  22.20 kB[22m
[2mdist/[22m[36massets/web-DmgA7fpO.js                           [39m[1m[2m    0.16 kB[22m[1m[22m[2m Γöé gzip:   0.16 kB[22m[2m Γöé map:     0.56 kB[22m
[2mdist/[22m[36massets/minus-CPadWk9d.js                         [39m[1m[2m    0.33 kB[22m[1m[22m[2m Γöé gzip:   0.27 kB[22m[2m Γöé map:     0.69 kB[22m
[2mdist/[22m[36massets/chevron-up-G9XAQYgt.js                    [39m[1m[2m    0.34 kB[22m[1m[22m[2m Γöé gzip:   0.28 kB[22m[2m Γöé map:     0.73 kB[22m
[2mdist/[22m[36massets/DeliveryMap-ywxLkZtV.js                   [39m[1m[2m    0.36 kB[22m[1m[22m[2m Γöé gzip:   0.25 kB[22m[2m Γöé map:     8.31 kB[22m
[2mdist/[22m[36massets/plus-CxNCG_ot.js                          [39m[1m[2m    0.37 kB[22m[1m[22m[2m Γöé gzip:   0.28 kB[22m[2m Γöé map:     0.78 kB[22m
[2mdist/[22m[36massets/navigation-PQwcn5xf.js                    [39m[1m[2m    0.37 kB[22m[1m[22m[2m Γöé gzip:   0.29 kB[22m[2m Γöé map:     0.77 kB[22m
[2mdist/[22m[36massets/filter-Dj6JXwvn.js                        [39m[1m[2m    0.38 kB[22m[1m[22m[2m Γöé gzip:   0.30 kB[22m[2m Γöé map:     0.76 kB[22m
[2mdist/[22m[36massets/circle-check-encA02bU.js                  [39m[1m[2m    0.39 kB[22m[1m[22m[2m Γöé gzip:   0.30 kB[22m[2m Γöé map:     0.90 kB[22m
[2mdist/[22m[36massets/lock-CiRuY3VJ.js                          [39m[1m[2m    0.41 kB[22m[1m[22m[2m Γöé gzip:   0.33 kB[22m[2m Γöé map:     0.95 kB[22m
[2mdist/[22m[36massets/mail-DGqIcdEz.js                          [39m[1m[2m    0.42 kB[22m[1m[22m[2m Γöé gzip:   0.33 kB[22m[2m Γöé map:     0.94 kB[22m
[2mdist/[22m[36massets/web-CWZ2svrR.js                           [39m[1m[2m    0.42 kB[22m[1m[22m[2m Γöé gzip:   0.22 kB[22m[2m Γöé map:     1.20 kB[22m
[2mdist/[22m[36massets/copy-PY_hEzbh.js                          [39m[1m[2m    0.44 kB[22m[1m[22m[2m Γöé gzip:   0.34 kB[22m[2m Γöé map:     0.98 kB[22m
[2mdist/[22m[36massets/circle-help-D9PXz_h3.js                   [39m[1m[2m    0.45 kB[22m[1m[22m[2m Γöé gzip:   0.34 kB[22m[2m Γöé map:     1.01 kB[22m
[2mdist/[22m[36massets/banknote-BV41oHSN.js                      [39m[1m[2m    0.46 kB[22m[1m[22m[2m Γöé gzip:   0.34 kB[22m[2m Γöé map:     1.09 kB[22m
[2mdist/[22m[36massets/camera-oABdfKXr.js                        [39m[1m[2m    0.46 kB[22m[1m[22m[2m Γöé gzip:   0.34 kB[22m[2m Γöé map:     0.97 kB[22m
[2mdist/[22m[36massets/upload-CaBXtcTo.js                        [39m[1m[2m    0.47 kB[22m[1m[22m[2m Γöé gzip:   0.35 kB[22m[2m Γöé map:     1.03 kB[22m
[2mdist/[22m[36massets/download-RYAtgk6y.js                      [39m[1m[2m    0.47 kB[22m[1m[22m[2m Γöé gzip:   0.35 kB[22m[2m Γöé map:     1.05 kB[22m
[2mdist/[22m[36massets/triangle-alert-CalnGRUP.js                [39m[1m[2m    0.48 kB[22m[1m[22m[2m Γöé gzip:   0.35 kB[22m[2m Γöé map:     1.04 kB[22m
[2mdist/[22m[36massets/shield-DDxVEReg.js                        [39m[1m[2m    0.49 kB[22m[1m[22m[2m Γöé gzip:   0.36 kB[22m[2m Γöé map:     0.89 kB[22m
[2mdist/[22m[36massets/users-DXNg0Ivi.js                         [39m[1m[2m    0.51 kB[22m[1m[22m[2m Γöé gzip:   0.36 kB[22m[2m Γöé map:     1.10 kB[22m
[2mdist/[22m[36massets/refresh-cw-TPEkqxse.js                    [39m[1m[2m    0.53 kB[22m[1m[22m[2m Γöé gzip:   0.36 kB[22m[2m Γöé map:     1.09 kB[22m
[2mdist/[22m[36massets/file-text-BHOCbmJU.js                     [39m[1m[2m    0.55 kB[22m[1m[22m[2m Γöé gzip:   0.35 kB[22m[2m Γöé map:     1.15 kB[22m
[2mdist/[22m[36massets/trash-2-DbLGATv4.js                       [39m[1m[2m    0.57 kB[22m[1m[22m[2m Γöé gzip:   0.39 kB[22m[2m Γöé map:     1.28 kB[22m
[2mdist/[22m[36massets/phone-i0ook3aZ.js                         [39m[1m[2m    0.61 kB[22m[1m[22m[2m Γöé gzip:   0.39 kB[22m[2m Γöé map:     1.01 kB[22m
[2mdist/[22m[36massets/NotFound-BQ8Q8M7q.js                      [39m[1m[2m    0.68 kB[22m[1m[22m[2m Γöé gzip:   0.42 kB[22m[2m Γöé map:     1.44 kB[22m
[2mdist/[22m[36massets/web-tYJx4UHW.js                           [39m[1m[2m    0.72 kB[22m[1m[22m[2m Γöé gzip:   0.37 kB[22m[2m Γöé map:     1.95 kB[22m
[2mdist/[22m[36massets/log-out-2PbwDd35.js                       [39m[1m[2m    0.83 kB[22m[1m[22m[2m Γöé gzip:   0.43 kB[22m[2m Γöé map:     1.99 kB[22m
[2mdist/[22m[36massets/store-nCkJz6zW.js                         [39m[1m[2m    0.86 kB[22m[1m[22m[2m Γöé gzip:   0.44 kB[22m[2m Γöé map:     1.48 kB[22m
[2mdist/[22m[36massets/truck-DZt-nq8G.js                         [39m[1m[2m    0.93 kB[22m[1m[22m[2m Γöé gzip:   0.48 kB[22m[2m Γöé map:     2.13 kB[22m
[2mdist/[22m[36massets/label-cXdKr85o.js                         [39m[1m[2m    0.95 kB[22m[1m[22m[2m Γöé gzip:   0.59 kB[22m[2m Γöé map:     4.24 kB[22m
[2mdist/[22m[36massets/web-BPSZFY7S.js                           [39m[1m[2m    0.97 kB[22m[1m[22m[2m Γöé gzip:   0.52 kB[22m[2m Γöé map:     2.86 kB[22m
[2mdist/[22m[36massets/web-DRFVUhz1.js                           [39m[1m[2m    0.98 kB[22m[1m[22m[2m Γöé gzip:   0.50 kB[22m[2m Γöé map:     3.33 kB[22m
[2mdist/[22m[36massets/eye-DwH7bcej.js                           [39m[1m[2m    1.01 kB[22m[1m[22m[2m Γöé gzip:   0.48 kB[22m[2m Γöé map:     2.06 kB[22m
[2mdist/[22m[36massets/web-Qkaeq2IU.js                           [39m[1m[2m    2.43 kB[22m[1m[22m[2m Γöé gzip:   1.08 kB[22m[2m Γöé map:     8.32 kB[22m
[2mdist/[22m[36massets/Grocery-CziE2qyk.js                       [39m[1m[2m    2.55 kB[22m[1m[22m[2m Γöé gzip:   1.18 kB[22m[2m Γöé map:     6.81 kB[22m
[2mdist/[22m[36massets/Bakery-BeNSA4R0.js                        [39m[1m[2m    2.95 kB[22m[1m[22m[2m Γöé gzip:   1.41 kB[22m[2m Γöé map:     8.68 kB[22m
[2mdist/[22m[36massets/useRiderPayments-DkqWSwhn.js              [39m[1m[2m    3.22 kB[22m[1m[22m[2m Γöé gzip:   1.06 kB[22m[2m Γöé map:    14.26 kB[22m
[2mdist/[22m[36massets/tabs-DPVG2eGN.js                          [39m[1m[2m    3.23 kB[22m[1m[22m[2m Γöé gzip:   1.38 kB[22m[2m Γöé map:    13.35 kB[22m
[2mdist/[22m[36massets/Categories-iAUPxdD6.js                    [39m[1m[2m    3.39 kB[22m[1m[22m[2m Γöé gzip:   1.20 kB[22m[2m Γöé map:     7.38 kB[22m
[2mdist/[22m[36massets/useRiderLocation-DNt61qVn.js              [39m[1m[2m    3.82 kB[22m[1m[22m[2m Γöé gzip:   1.47 kB[22m[2m Γöé map:    14.00 kB[22m
[2mdist/[22m[36massets/TermsOfService-DV30Dg7q.js                [39m[1m[2m    4.56 kB[22m[1m[22m[2m Γöé gzip:   1.67 kB[22m[2m Γöé map:     7.92 kB[22m
[2mdist/[22m[36massets/History-xsb6g6eh.js                       [39m[1m[2m    4.70 kB[22m[1m[22m[2m Γöé gzip:   1.61 kB[22m[2m Γöé map:    11.25 kB[22m
[2mdist/[22m[36massets/switch-CQJiKMev.js                        [39m[1m[2m    5.30 kB[22m[1m[22m[2m Γöé gzip:   2.52 kB[22m[2m Γöé map:    21.78 kB[22m
[2mdist/[22m[36massets/alert-dialog-B3IKIGrK.js                  [39m[1m[2m    5.35 kB[22m[1m[22m[2m Γöé gzip:   2.09 kB[22m[2m Γöé map:    23.17 kB[22m
[2mdist/[22m[36massets/OnboardingFlow-Csv5zf_h.js                [39m[1m[2m    5.70 kB[22m[1m[22m[2m Γöé gzip:   2.38 kB[22m[2m Γöé map:    16.23 kB[22m
[2mdist/[22m[36massets/workbox-window.prod.es5-CLYUWRvB.js       [39m[1m[2m    5.73 kB[22m[1m[22m[2m Γöé gzip:   2.34 kB[22m[2m Γöé map:    14.41 kB[22m
[2mdist/[22m[36massets/ImageUploadField-BytZIOKG.js              [39m[1m[2m    5.92 kB[22m[1m[22m[2m Γöé gzip:   2.25 kB[22m[2m Γöé map:    17.04 kB[22m
[2mdist/[22m[36massets/CompleteProfile-BYP-wblg.js               [39m[1m[2m    5.98 kB[22m[1m[22m[2m Γöé gzip:   2.25 kB[22m[2m Γöé map:    17.94 kB[22m
[2mdist/[22m[36massets/AddressMapPicker-ZrY9le5T.js              [39m[1m[2m    6.06 kB[22m[1m[22m[2m Γöé gzip:   2.25 kB[22m[2m Γöé map:    19.89 kB[22m
[2mdist/[22m[36massets/PrivacyPolicy-BykkZIC3.js                 [39m[1m[2m    6.20 kB[22m[1m[22m[2m Γöé gzip:   2.11 kB[22m[2m Γöé map:    10.69 kB[22m
[2mdist/[22m[36massets/RestaurantDetail-CE9A3aGY.js              [39m[1m[2m    6.24 kB[22m[1m[22m[2m Γöé gzip:   2.17 kB[22m[2m Γöé map:    19.50 kB[22m
[2mdist/[22m[36massets/useOrders-CYP5dLxl.js                     [39m[1m[2m    6.67 kB[22m[1m[22m[2m Γöé gzip:   2.07 kB[22m[2m Γöé map:    23.18 kB[22m
[2mdist/[22m[36massets/LiveRiderTrackingMap-Cv5gAdCU.js          [39m[1m[2m    7.02 kB[22m[1m[22m[2m Γöé gzip:   2.47 kB[22m[2m Γöé map:    20.04 kB[22m
[2mdist/[22m[36massets/VoiceNotePlayer-BeX4FIHu.js               [39m[1m[2m    7.84 kB[22m[1m[22m[2m Γöé gzip:   3.32 kB[22m[2m Γöé map:    28.43 kB[22m
[2mdist/[22m[36massets/web-bVOjV-cQ.js                           [39m[1m[2m    8.67 kB[22m[1m[22m[2m Γöé gzip:   2.90 kB[22m[2m Γöé map:    35.49 kB[22m
[2mdist/[22m[36massets/Restaurants-BAJdxvVp.js                   [39m[1m[2m    9.77 kB[22m[1m[22m[2m Γöé gzip:   2.87 kB[22m[2m Γöé map:    22.29 kB[22m
[2mdist/[22m[36massets/useWithdrawals-DJ-tnuVN.js                [39m[1m[2m   10.40 kB[22m[1m[22m[2m Γöé gzip:   2.91 kB[22m[2m Γöé map:    38.89 kB[22m
[2mdist/[22m[36massets/RiderRegistration-eDX6gZKD.js             [39m[1m[2m   11.79 kB[22m[1m[22m[2m Γöé gzip:   3.75 kB[22m[2m Γöé map:    39.81 kB[22m
[2mdist/[22m[36massets/useRiderDashboard-DS6Hf0wB.js             [39m[1m[2m   12.88 kB[22m[1m[22m[2m Γöé gzip:   3.12 kB[22m[2m Γöé map:    42.46 kB[22m
[2mdist/[22m[36massets/ChatButton-BrWg4hKL.js                    [39m[1m[2m   14.22 kB[22m[1m[22m[2m Γöé gzip:   5.01 kB[22m[2m Γöé map:    47.55 kB[22m
[2mdist/[22m[36massets/useFirebaseAuth-DxAcsVfK.js               [39m[1m[2m   15.24 kB[22m[1m[22m[2m Γöé gzip:   4.87 kB[22m[2m Γöé map:    48.15 kB[22m
[2mdist/[22m[36massets/web-BPzWJe-M.js                           [39m[1m[2m   15.26 kB[22m[1m[22m[2m Γöé gzip:   5.51 kB[22m[2m Γöé map:    71.14 kB[22m
[2mdist/[22m[36massets/Orders-BmlQozDC.js                        [39m[1m[2m   18.45 kB[22m[1m[22m[2m Γöé gzip:   5.56 kB[22m[2m Γöé map:    54.33 kB[22m
[2mdist/[22m[36massets/Auth-BxxfULuH.js                          [39m[1m[2m   18.70 kB[22m[1m[22m[2m Γöé gzip:   5.63 kB[22m[2m Γöé map:    54.40 kB[22m
[2mdist/[22m[36massets/AssignRider-CEv2-JM5.js                   [39m[1m[2m   21.15 kB[22m[1m[22m[2m Γöé gzip:   6.46 kB[22m[2m Γöé map:    62.46 kB[22m
[2mdist/[22m[36massets/Support-CfeQqhKw.js                       [39m[1m[2m   21.59 kB[22m[1m[22m[2m Γöé gzip:   6.37 kB[22m[2m Γöé map:    66.90 kB[22m
[2mdist/[22m[36massets/Cart-DGU2kXDX.js                          [39m[1m[2m   34.10 kB[22m[1m[22m[2m Γöé gzip:  11.44 kB[22m[2m Γöé map:   119.55 kB[22m
[2mdist/[22m[36massets/Profile--aYL7qfa.js                       [39m[1m[2m   36.00 kB[22m[1m[22m[2m Γöé gzip:  10.49 kB[22m[2m Γöé map:   114.68 kB[22m
[2mdist/[22m[36massets/RiderDashboard-vV83qAVG.js                [39m[1m[2m   76.31 kB[22m[1m[22m[2m Γöé gzip:  19.90 kB[22m[2m Γöé map:   229.23 kB[22m
[2mdist/[22m[36massets/leaflet-DZkb6kTJ.js                       [39m[1m[2m  149.25 kB[22m[1m[22m[2m Γöé gzip:  43.15 kB[22m[2m Γöé map:   699.44 kB[22m
[2mdist/[22m[36massets/index.esm-Dvp-7EaK.js                     [39m[1m[2m  185.67 kB[22m[1m[22m[2m Γöé gzip:  38.75 kB[22m[2m Γöé map:   793.29 kB[22m
[2mdist/[22m[36massets/Admin-CWp4ApGf.js                         [39m[1m[33m  729.63 kB[39m[22m[2m Γöé gzip: 177.95 kB[22m[2m Γöé map: 2,869.46 kB[22m
[2mdist/[22m[36massets/index-B0QHuouA.js                         [39m[1m[33m  964.72 kB[39m[22m[2m Γöé gzip: 288.21 kB[22m[2m Γöé map: 4,083.14 kB[22m
[33m
(!) Some chunks are larger than 
500 kB after minification. 
Consider:
- Using dynamic import() to 
code-split the application
- Use build.rollupOptions.output.m
anualChunks to improve chunking: h
ttps://rollupjs.org/configuration-
options/#output-manualchunks
- Adjust chunk size limit for 
this warning via 
build.chunkSizeWarningLimit.[39m
[32mΓ£ô built in 17.78s[39m

PWA v1.2.0
mode      generateSW
precache  86 entries (8814.27 KiB)
files generated
  dist/sw.js.map
  dist/sw.js
  dist/workbox-66610c77.js.map
  dist/workbox-66610c77.js
